> > ho ho
ho ho
ho ho
ho ho
ho ho
> > > j=0
j=1
j=2
j=3
> j=4
bling
> 