> 5
> > 6
> 1 : macro ([0-9]+)\s*\+ => $1$ *
> > 5
> > > 0
> "knight is :0"
> 