> > 1
> > "b1"
> > 120
> > 120
> > 120
> > garth knightgarth knightgarth knightgarth knightgarth knightgarth knight120
> > 8
> > 8
> > 